<?xml version="1.0" encoding="utf-8"?><testsuites name="pytest tests"><testsuite name="pytest" errors="0" failures="0" skipped="3" tests="13" time="137.635" timestamp="2026-02-12T11:05:27.027513+00:00" hostname="d982c7523d53"><testcase classname="" name="tests.framework_frontend.test.test_image_upload" time="0.000"><skipped message="collection skipped">('/app/tests/framework_frontend/test/test_image_upload.py', 3, "Skipped: could not import 'pyautogui': No module named 'pyautogui'")</skipped></testcase><testcase classname="" name="tests.framework_frontend.test.test_image_upload_dialog_window" time="0.000"><skipped message="collection skipped">('/app/tests/framework_frontend/test/test_image_upload_dialog_window.py', 3, "Skipped: could not import 'pyautogui': No module named 'pyautogui'")</skipped></testcase><testcase classname="" name="tests.framework_frontend.test.test_image_upload_drag_and_drop" time="0.000"><skipped message="collection skipped">('/app/tests/framework_frontend/test/test_image_upload_drag_and_drop.py', 3, "Skipped: could not import 'pyautogui': No module named 'pyautogui'")</skipped></testcase><testcase classname="tests.framework_frontend.test.test_alerts+js" name="test_alerts_js" time="8.178" /><testcase classname="tests.framework_frontend.test.test_alerts" name="test_alerts" time="7.666" /><testcase classname="tests.framework_frontend.test.test_alerts_and_contextclick" name="test_alerts_and_context_click" time="6.615" /><testcase classname="tests.framework_frontend.test.test_basic_auth" name="test_basic_auth" time="6.541" /><testcase classname="tests.framework_frontend.test.test_dynamic_content" name="test_dynamic_content" time="39.056" /><testcase classname="tests.framework_frontend.test.test_frames_nested_frames" name="test_frames_nested_frames" time="6.809" /><testcase classname="tests.framework_frontend.test.test_horizontal_slider" name="test_horizontal_slider" time="7.382" /><testcase classname="tests.framework_frontend.test.test_hovers" name="test_hovers" time="19.888" /><testcase classname="tests.framework_frontend.test.test_infinity_scroll" name="test_infinite_scroll" time="27.988" /><testcase classname="tests.framework_frontend.test.test_window_handlers" name="test_window_handlers" time="7.405" /></testsuite></testsuites>